C:\Users\mafb\AppData\Local\Android\Sdk

https://developer.android.com/reference/android/view/KeyEvent
uiautomatorviewer 2
\Users\mafb>adb devices
List of devices attached

uruchamianie appium serwer
 appium -a 127.0.0.1 -p 4729 -cp 4729 -bp 4829
 
 zbieranie widoku
 $ adb shell

2|shell@eagle801:/ $ dumpsys window windows | grep -E 'mCurrentFocus'
  mCurrentFocus=Window{23bc8a31 u0 com.android.vending/com.android.vending.AssetBrowserActivity}
  
  
  @AndroidFindBy(xpath = "//android.widget.ImageView[@content-desc='Wyszukaj']")
private MobileElement searchButton;

GIT
powershell

PS D:\SzkolenieAppium> ren gitignore.txt .gitignore
PS D:\SzkolenieAppium> git init
Initialized empty Git repository in D:/SzkolenieAppium/.git/
PS D:\SzkolenieAppium> git add .\.gitignore
PS D:\SzkolenieAppium> git commit -m "adding gitignre"
[master (root-commit) f6b24fa] adding gitignre
 1 file changed, 2 insertions(+)
 create mode 100644 .gitignore
PS D:\SzkolenieAppium> git add *
warning: LF will be replaced by CRLF in SzkolenieAppium.iml.
The file will have its original line endings in your working directory
warning: LF will be replaced by CRLF in pom.xml.
The file will have its original line endings in your working directory
PS D:\SzkolenieAppium> git commit -m "adding tests"
[master c8b8a9f] adding tests
 5 files changed, 223 insertions(+)
 create mode 100644 SzkolenieAppium.iml
 create mode 100644 pom.xml
 create mode 100644 src/test/java/AppiumTest.java
 create mode 100644 src/test/java/StoreStartPage.java
 create mode 100644 szkolenie Appium.txt
PS D:\SzkolenieAppium> PS D:\SzkolenieAppium> ren gitignore.txt .gitignore




echo "# Appium" >> README.md
git init
git add README.md
git commit -m "first commit"
git remote add origin https://github.com/mafbmafb/Appium.git
git push -u origin master





<properties>
    <maven.compiler.target>1.8</maven.compiler.target>
    <maven.compiler.source>1.8</maven.compiler.source>
</properties>




appium -a 127.0.0.1 -p 4729 -cp 4729 -bp 4829
		
	dumpsys window windows | grep -E ‘mCurrentFocus’		driver.pressKeyCode(AndroidKeyCode.BACK);	((AndroidDriver) driver).pressKey(new KeyEvent(AndroidKey.HOME));
	adb shell input keyevent 29
		
		
	mvn test -Dgroups=smoke,regression
	
	
	
	
	
	
	appium -a 127.0.0.1 -p 4729 -cp 4729 -bp 4829

dsadas


https://github.com/mandrzejczyk/szkolenieAppium.git


<properties>
    <maven.compiler.target>1.8</maven.compiler.target>
    <maven.compiler.source>1.8</maven.compiler.source>
</properties>


  <properties>
        <aspectj.version>1.9.2</aspectj.version>
        <testng.version>6.14.3</testng.version>
        <allure.version>2.8.1</allure.version>
        <appium.version>6.1.0</appium.version>
        <maven-surefire-plugin.version>2.20</maven-surefire-plugin.version>
    </properties>



appium -a 127.0.0.1 -p 4729 -cp 4729 -bp 4829
		
	
		dumpsys window windows | grep -E ‘mCurrentFocus’
		
		driver.pressKeyCode(AndroidKeyCode.BACK);
		((AndroidDriver) driver).pressKey(new KeyEvent(AndroidKey.HOME));

		adb shell input keyevent 29
		
		
		mvn test -Dgroups=smoke,regression
    
    
    
    <?xml version="1.0" encoding="UTF-8"?>
<project xmlns="http://maven.apache.org/POM/4.0.0"
         xmlns:xsi="http://www.w3.org/2001/XMLSchema-instance"
         xsi:schemaLocation="http://maven.apache.org/POM/4.0.0 http://maven.apache.org/xsd/maven-4.0.0.xsd">
    <modelVersion>4.0.0</modelVersion>

    <groupId>stacjait</groupId>
    <artifactId>stacjait</artifactId>
    <version>1.0-SNAPSHOT</version>

    <properties>
        <aspectj.version>1.9.2</aspectj.version>
        <testng.version>6.14.3</testng.version>
        <allure.version>2.8.1</allure.version>
        <appium.version>6.1.0</appium.version>
        <maven-surefire-plugin.version>2.20</maven-surefire-plugin.version>
    </properties>

    <dependencies>
        <dependency>
            <groupId>org.testng</groupId>
            <artifactId>testng</artifactId>
            <version>${testng.version}</version>
            <scope>test</scope>
        </dependency>
        <dependency>
            <groupId>io.appium</groupId>
            <artifactId>java-client</artifactId>
            <version>${appium.version}</version>
        </dependency>
        <dependency>
            <groupId>io.qameta.allure</groupId>
            <artifactId>allure-testng</artifactId>
            <version>${allure.version}</version>
            <scope>test</scope>
        </dependency>
    </dependencies>

    <build>
        <plugins>
            <plugin>
                <groupId>org.apache.maven.plugins</groupId>
                <artifactId>maven-surefire-plugin</artifactId>
                <version>${maven-surefire-plugin.version}</version>
                <configuration>
                    <argLine>
                        -javaagent:"${settings.localRepository}/org/aspectj/aspectjweaver/${aspectj.version}/aspectjweaver-${aspectj.version}.jar"
                    </argLine>
                </configuration>
                <dependencies>
                    <dependency>
                        <groupId>org.aspectj</groupId>
                        <artifactId>aspectjweaver</artifactId>
                        <version>${aspectj.version}</version>
                    </dependency>
                </dependencies>
            </plugin>
        </plugins>
    </build>
</project>





  @Test(groups={"smoke","regression"},dataProvider = "smokeProvider", dataProviderClass = DataProviders.class)
    @Story("Fake smoke test")
    public void smokeTest() {
        System.out.println("Hello smoke!");
    }
    
    "{\"name\": \"John\"}"
    
    
    {
  "name": "Marek",
  "language": "Java",
  "location": "Wroclaw",
  "personal": {
    "age": 22,
    "hobby": "sleeping"
  }
}

